TRAIN/DR3/MHJB0/SI1647
TRAIN/DR5/MHIT0/SX83
TRAIN/DR3/MRBC0/SI1859
TRAIN/DR7/MRMG0/SX450
TRAIN/DR4/MTRT0/SA2
TRAIN/DR2/MPRB0/SA2
TRAIN/DR2/MJMA0/SX235
TRAIN/DR7/MMWS1/SX441
TRAIN/DR6/FAPB0/SX253
TRAIN/DR4/FLKM0/SA2
TRAIN/DR7/MSAH1/SI2309
TRAIN/DR3/MJLG1/SX202
TRAIN/DR8/MTCS0/SX262
TRAIN/DR3/MJKR0/SX301
TRAIN/DR3/MWGR0/SX256
TRAIN/DR5/FEXM0/SA2
TRAIN/DR6/MRXB0/SX235
TRAIN/DR3/MREH1/SI969
TRAIN/DR1/MPSW0/SI1067
TRAIN/DR3/MMEB0/SX97
TRAIN/DR7/MVRW0/SX45
TRAIN/DR6/MSAT1/SI1073
TRAIN/DR7/MDLR1/SI1299
TRAIN/DR2/MJAE0/SA2
TRAIN/DR2/FAEM0/SX132
TRAIN/DR7/MTLC0/SI847
TRAIN/DR3/FCMG0/SA1
TRAIN/DR2/FRLL0/SX344
TRAIN/DR7/MDPB0/SA1
TRAIN/DR5/MGES0/SX41
TRAIN/DR3/FGRW0/SA2
TRAIN/DR3/FPAZ0/SA2
TRAIN/DR7/FLEH0/SX331
TRAIN/DR4/FSSB0/SX452
TRAIN/DR1/MDPK0/SI1053
TRAIN/DR5/FSKP0/SI468
TRAIN/DR3/FCMG0/SX252
TRAIN/DR7/MMDG0/SI2035
TRAIN/DR2/MDMT0/SX212
TRAIN/DR2/FDNC0/SI1908
TRAIN/DR2/FLMC0/SX336
TRAIN/DR2/MRFK0/SX356
TRAIN/DR5/FSMM0/SX54
TRAIN/DR5/MSDH0/SX80
TRAIN/DR5/FSMS1/SI874
TRAIN/DR5/MJWG0/SA1
TRAIN/DR2/MEFG0/SX375
TRAIN/DR6/MAJP0/SX264
TRAIN/DR3/FLAC0/SX91
TRAIN/DR3/MDLH0/SA1
TRAIN/DR4/MBWP0/SI709
TRAIN/DR3/MRDS0/SI537
TRAIN/DR4/MRGM0/SX172
TRAIN/DR7/MSDB0/SA1
TRAIN/DR2/MBJV0/SA2
TRAIN/DR8/FBCG1/SX82
TRAIN/DR6/MJRK0/SX430
TRAIN/DR2/MRLR0/SI1826
TRAIN/DR3/MRJB1/SA1
TRAIN/DR8/FKLH0/SI1887
TRAIN/DR6/MDRD0/SI2012
TRAIN/DR3/MRWA0/SX433
TRAIN/DR8/MBCG0/SX57
TRAIN/DR5/FBJL0/SA2
TRAIN/DR5/MJFH0/SI477
TRAIN/DR4/MSFH0/SX136
TRAIN/DR2/MDSS0/SX261
TRAIN/DR4/MCDR0/SI1154
TRAIN/DR5/FTBW0/SX85
TRAIN/DR5/MRVG0/SI1770
TRAIN/DR2/FLMC0/SX112
TRAIN/DR4/MJEE0/SX157
TRAIN/DR5/MMAB1/SA1
TRAIN/DR5/MWCH0/SI1622
TRAIN/DR3/MCDD0/SX73
TRAIN/DR7/MTPR0/SX160
TRAIN/DR8/MEJS0/SX160
TRAIN/DR1/MKLW0/SA1
TRAIN/DR7/MGAK0/SX226
TRAIN/DR2/MRLR0/SA1
TRAIN/DR4/MGRP0/SI687
TRAIN/DR2/FDXW0/SX161
TRAIN/DR3/FSKC0/SA2
TRAIN/DR8/FNKL0/SA2
TRAIN/DR6/MDRD0/SX32
TRAIN/DR3/MWDK0/SX446
TRAIN/DR6/FBCH0/SI959
TRAIN/DR3/FCMG0/SX72
TRAIN/DR3/MMEB0/SA1
TRAIN/DR5/MSEM1/SI1440
TRAIN/DR6/MCAE0/SA1
TRAIN/DR7/FJHK0/SI2282
TRAIN/DR3/FEME0/SX155
TRAIN/DR2/MDLC2/SI1614
TRAIN/DR3/MWDK0/SX356
TRAIN/DR7/MADD0/SX268
TRAIN/DR1/MWAD0/SX432
TRAIN/DR2/FSRH0/SA2
TRAIN/DR3/MCDC0/SA2
TRAIN/DR1/MTRR0/SI2178
TRAIN/DR5/FSDC0/SI2234
TRAIN/DR1/MTPF0/SI1235
TRAIN/DR3/MJJB0/SX149
TRAIN/DR7/FPAC0/SX121
TRAIN/DR4/MJAC0/SA2
TRAIN/DR4/MTAS0/SA1
TRAIN/DR5/MWSH0/SA1
TRAIN/DR6/FSGF0/SA2
TRAIN/DR5/FJXM0/SX221
TRAIN/DR8/FJRB0/SI1932
TRAIN/DR7/MDLR0/SA2
TRAIN/DR4/MFWK0/SI1879
TRAIN/DR2/MTJG0/SX80
TRAIN/DR7/MBAR0/SA2
TRAIN/DR7/MTMN0/SX434
TRAIN/DR5/MDWH0/SA1
TRAIN/DR5/MGES0/SX311
TRAIN/DR5/FSAG0/SI1323
TRAIN/DR3/FCKE0/SX391
TRAIN/DR1/MWAR0/SX145
TRAIN/DR2/MPPC0/SA2
TRAIN/DR2/FAJW0/SX93
TRAIN/DR2/MWSB0/SA1
TRAIN/DR2/MMAA0/SX395
TRAIN/DR3/MDNS0/SA1
TRAIN/DR4/MSFH0/SA1
TRAIN/DR2/MZMB0/SA2
TRAIN/DR5/MDHL0/SI1439
TRAIN/DR2/MTAT1/SI1409
TRAIN/DR8/MCXM0/SI1351
TRAIN/DR5/FDMY0/SA1
TRAIN/DR7/MRLJ1/SA2
TRAIN/DR2/MMGK0/SI1322
TRAIN/DR3/FLJD0/SX256
TRAIN/DR2/MJRP0/SX45
TRAIN/DR3/MADC0/SA2
TRAIN/DR2/MJMD0/SI1028
TRAIN/DR7/MDPB0/SI1760
TRAIN/DR4/MCSS0/SX390
TRAIN/DR1/MMRP0/SX54
TRAIN/DR8/FNKL0/SX262
TRAIN/DR5/FPMY0/SA2
TRAIN/DR4/FSSB0/SI1712
TRAIN/DR5/MRAM0/SA1
TRAIN/DR2/MRLJ0/SI1420
TRAIN/DR3/MAPV0/SX33
TRAIN/DR3/MHMR0/SX399
TRAIN/DR5/FMPG0/SA2
TRAIN/DR7/MDCM0/SA2
TRAIN/DR2/MMAA0/SA1
TRAIN/DR2/MMAG0/SI496
TRAIN/DR8/MTCS0/SX442
TRAIN/DR3/MDHS0/SI900
TRAIN/DR5/MSRR0/SA2
TRAIN/DR8/MRDM0/SX155
TRAIN/DR1/MEDR0/SA1
TRAIN/DR7/MAEO0/SX156
TRAIN/DR2/FMKF0/SI1536
TRAIN/DR3/FCKE0/SX301
TRAIN/DR3/MADC0/SX197
TRAIN/DR3/MTPG0/SX303
TRAIN/DR4/MBMA0/SI1222
TRAIN/DR4/MAEB0/SI1411
TRAIN/DR1/MWAR0/SX235
TRAIN/DR6/FPAD0/SI716
TRAIN/DR4/MMDM0/SI681
TRAIN/DR7/MVRW0/SA2
TRAIN/DR4/MDCD0/SI1415
TRAIN/DR5/MWSH0/SX76
TRAIN/DR1/FCJF0/SX217
TRAIN/DR5/MTDP0/SX351
TRAIN/DR5/MWEM0/SX60
TRAIN/DR7/MRLJ1/SI1671
TRAIN/DR2/MARC0/SX198
TRAIN/DR2/FCYL0/SX397
TRAIN/DR5/FGMB0/SX65
TRAIN/DR2/MDSS0/SI2087
TRAIN/DR3/MTPP0/SA1
TRAIN/DR7/MNTW0/SX78
TRAIN/DR4/MFRM0/SX435
TRAIN/DR8/MMPM0/SA1
TRAIN/DR4/MTRT0/SA1
TRAIN/DR4/FSSB0/SX182
TRAIN/DR3/MDTB0/SX210
TRAIN/DR7/MWRP0/SI1525
TRAIN/DR8/MBCG0/SA1
TRAIN/DR5/FSKP0/SX288
TRAIN/DR4/FCAG0/SX153
TRAIN/DR2/MJHI0/SX428
TRAIN/DR5/FSDC0/SA2
TRAIN/DR5/MWCH0/SX182
TRAIN/DR2/MCTM0/SX90
TRAIN/DR7/MPAR0/SX226
TRAIN/DR7/MDCM0/SX130
TRAIN/DR1/FTBR0/SI2181
TRAIN/DR1/MRDD0/SX330
TRAIN/DR4/MJSR0/SX164
TRAIN/DR5/MREW1/SX150
TRAIN/DR8/FPLS0/SX330
TRAIN/DR2/MRFK0/SI1076
TRAIN/DR6/MJRK0/SI1662
TRAIN/DR7/MGAW0/SX265
TRAIN/DR6/MSMR0/SX145
TRAIN/DR7/MRPC1/SA2
TRAIN/DR7/MBTH0/SX212
TRAIN/DR5/MRML0/SX431
TRAIN/DR1/MJWT0/SI751
TRAIN/DR4/FBAS0/SX127
TRAIN/DR6/MESJ0/SX277
TRAIN/DR7/MKLR0/SA1
TRAIN/DR7/FSPM0/SA2
TRAIN/DR6/MRMB0/SA1
TRAIN/DR5/MGSH0/SX276
TRAIN/DR8/FJRB0/SX402
TRAIN/DR2/MKAJ0/SX244
TRAIN/DR7/MRMH0/SI1349
TRAIN/DR2/MRHL0/SA1
TRAIN/DR7/FVKB0/SI1159
TRAIN/DR3/FNTB0/SX213
TRAIN/DR3/MDJM0/SI825
TRAIN/DR4/FSAK0/SI670
TRAIN/DR7/MKDB0/SX152
TRAIN/DR2/MDMT0/SX302
TRAIN/DR3/FGRW0/SI1782
TRAIN/DR8/MCXM0/SI1981
TRAIN/DR3/MFMC0/SA1
TRAIN/DR3/FEME0/SI2135
TRAIN/DR7/FPAC0/SI2011
TRAIN/DR2/MSAT0/SX86
TRAIN/DR6/MSMR0/SX415
TRAIN/DR5/FLOD0/SX297
TRAIN/DR7/MJFR0/SI975
TRAIN/DR3/FLJD0/SA1
TRAIN/DR1/MTJS0/SA2
TRAIN/DR4/MSMS0/SI1433
TRAIN/DR3/MDBB1/SX16
TRAIN/DR7/MHXL0/SX332
TRAIN/DR2/FPJF0/SI1046
TRAIN/DR7/MFXV0/SA2
TRAIN/DR5/MRKM0/SX7
TRAIN/DR2/FLMA0/SI1243
TRAIN/DR4/FALR0/SA1
TRAIN/DR2/MDWD0/SI557
TRAIN/DR5/FLMK0/SX405
TRAIN/DR2/FSRH0/SX221
TRAIN/DR5/MDSJ0/SI832
TRAIN/DR7/MBML0/SX449
TRAIN/DR4/FKLC0/SX85
TRAIN/DR2/MRLJ0/SA2
TRAIN/DR2/MRMS0/SX300
TRAIN/DR7/MSAH1/SA2
TRAIN/DR3/MJKR0/SI571
TRAIN/DR6/MESJ0/SX7
TRAIN/DR4/MJPM1/SA1
TRAIN/DR4/MESG0/SA2
TRAIN/DR2/MMDS0/SX173
TRAIN/DR1/MMRP0/SX324
TRAIN/DR2/FDNC0/SX378
TRAIN/DR2/MTAT1/SX329
TRAIN/DR3/MBEF0/SX111
TRAIN/DR4/MJRH0/SI1755
TRAIN/DR7/FPAC0/SA1
TRAIN/DR8/MMLM0/SX177
TRAIN/DR3/MDTB0/SX321
TRAIN/DR2/MMGK0/SX422
TRAIN/DR1/MCPM0/SI1824
TRAIN/DR1/MGRL0/SX237
TRAIN/DR2/MTDB0/SX51
TRAIN/DR5/MDWH0/SX125
TRAIN/DR1/MGRL0/SA2
TRAIN/DR7/FMAH1/SX339
TRAIN/DR4/MRAB1/SX218
TRAIN/DR7/MDPB0/SI866
TRAIN/DR4/MLSH0/SA1
TRAIN/DR1/FKFB0/SX348
TRAIN/DR3/MDLC0/SX225
TRAIN/DR8/MKDD0/SI2197
TRAIN/DR1/MRAI0/SA2
TRAIN/DR2/MKJO0/SX257
TRAIN/DR5/FLJG0/SA2
TRAIN/DR2/MRJM0/SX328
TRAIN/DR7/MPAR0/SI2206
TRAIN/DR4/FKDW0/SA2
TRAIN/DR7/MGSL0/SI1164
TRAIN/DR4/MJRH0/SX405
TRAIN/DR3/FCMG0/SX342
TRAIN/DR5/MCHL0/SX267
TRAIN/DR3/MLNS0/SX417
TRAIN/DR2/MRJM0/SX148
TRAIN/DR3/MREE0/SX294
TRAIN/DR5/MMAB1/SX54
TRAIN/DR2/MMXS0/SX156
TRAIN/DR5/FLMK0/SA2
TRAIN/DR7/MDCM0/SI1480
TRAIN/DR1/FCJF0/SI648
TRAIN/DR6/MAJP0/SX354
TRAIN/DR3/FALK0/SX6
TRAIN/DR4/MLSH0/SX247
TRAIN/DR3/MAKR0/SX452
TRAIN/DR4/FBAS0/SX217
TRAIN/DR8/MMWS0/SX78
TRAIN/DR4/FDKN0/SA1
TRAIN/DR3/MDDC0/SX69
TRAIN/DR7/MTKD0/SA1
TRAIN/DR3/MRTJ0/SI772
TRAIN/DR5/FEAR0/SX262
TRAIN/DR8/MTCS0/SA2
TRAIN/DR3/MWGR0/SI2236
TRAIN/DR3/FLTM0/SX80
TRAIN/DR5/MJPG0/SI561
TRAIN/DR4/MPRT0/SA1
TRAIN/DR7/MWRP0/SX93
TRAIN/DR4/FJWB1/SI795
TRAIN/DR4/MCSS0/SX30
TRAIN/DR5/MMCC0/SX258
TRAIN/DR6/FPAD0/SX356
TRAIN/DR2/MRFK0/SA2
TRAIN/DR4/MRSP0/SI799
TRAIN/DR5/FMPG0/SA1
TRAIN/DR1/MRSO0/SX39
TRAIN/DR5/MFER0/SI2122
TRAIN/DR2/MBJV0/SX347
TRAIN/DR5/FLJG0/SX441
TRAIN/DR5/FGDP0/SI2248
TRAIN/DR3/MTJM0/SX326
TRAIN/DR4/FKDW0/SX397
TRAIN/DR8/MBSB0/SI1983
TRAIN/DR3/MMAM0/SX157
TRAIN/DR7/MFXS0/SI1674
TRAIN/DR2/MRAB0/SX234
TRAIN/DR7/MVRW0/SX225
TRAIN/DR5/MDHL0/SX179
TRAIN/DR5/FEAR0/SX442
TRAIN/DR5/FDTD0/SA2
TRAIN/DR4/MGJC0/SX165
TRAIN/DR3/MCAL0/SI1768
TRAIN/DR7/MGSL0/SX174
TRAIN/DR7/FVKB0/SA1
TRAIN/DR2/MRGS0/SX366
TRAIN/DR4/MGAG0/SX331
TRAIN/DR7/MMDG0/SA1
TRAIN/DR4/MJJJ0/SX353
TRAIN/DR2/MRHL0/SA2
TRAIN/DR2/MRGS0/SI1986
TRAIN/DR7/MDLR0/SX243
TRAIN/DR3/FPAZ0/SX27
TRAIN/DR4/MLJH0/SX244
TRAIN/DR4/FDKN0/SI1711
TRAIN/DR3/FSJW0/SI1963
TRAIN/DR5/FPMY0/SX196
TRAIN/DR6/FRJB0/SX437
TRAIN/DR4/FCAG0/SA2
TRAIN/DR2/MRJT0/SX328
TRAIN/DR7/MCRE0/SI1725
TRAIN/DR7/MWRP0/SI2073
TRAIN/DR8/MBCG0/SI486
TRAIN/DR1/MJWT0/SI1291
TRAIN/DR2/MKJO0/SX167
TRAIN/DR2/MRHL0/SX255
TRAIN/DR4/MGRP0/SA2
TRAIN/DR5/FTLG0/SX33
TRAIN/DR7/MPFU0/SX178
TRAIN/DR6/MPGR1/SX149
TRAIN/DR3/FLTM0/SA1
TRAIN/DR7/MDCM0/SI2110
TRAIN/DR3/FSJW0/SI703
TRAIN/DR7/MDKS0/SI1066
TRAIN/DR5/FDMY0/SX387
TRAIN/DR3/MCEF0/SX235
TRAIN/DR7/MJFR0/SX165
TRAIN/DR3/MMAM0/SI1597
TRAIN/DR6/MAJP0/SX174
TRAIN/DR5/MGSH0/SI1176
TRAIN/DR1/MRCG0/SX168
TRAIN/DR8/FBCG1/SX262
TRAIN/DR3/MRTC0/SX198
TRAIN/DR5/FGMB0/SX155
TRAIN/DR2/FMKF0/SX366
TRAIN/DR5/MWEM0/SA1
TRAIN/DR2/MDLC2/SA1
TRAIN/DR1/FDML0/SX429
TRAIN/DR7/MJAI0/SX344
TRAIN/DR1/FJSP0/SX84
TRAIN/DR5/MVLO0/SX157
TRAIN/DR4/MLJC0/SX55
TRAIN/DR8/FCLT0/SX358
TRAIN/DR1/FMEM0/SI1377
TRAIN/DR7/MRMG0/SX90
TRAIN/DR3/MTPP0/SI1508
TRAIN/DR3/MDWM0/SA2
TRAIN/DR7/MCLK0/SI2290
TRAIN/DR2/FAEM0/SX222
TRAIN/DR2/FSCN0/SX356
TRAIN/DR5/MVLO0/SX427
TRAIN/DR5/FLMK0/SI1229
TRAIN/DR4/MJPM1/SI1897
TRAIN/DR3/MTKP0/SI2283
TRAIN/DR3/MHMR0/SI489
TRAIN/DR7/MAEO0/SX336
TRAIN/DR4/MARW0/SX286
TRAIN/DR5/MDAS0/SA1
TRAIN/DR3/FNTB0/SX303
TRAIN/DR4/MGXP0/SX187
TRAIN/DR3/MDWM0/SX106
TRAIN/DR5/MMVP0/SI654
TRAIN/DR4/MNET0/SA2
TRAIN/DR7/FJEN0/SX327
TRAIN/DR6/MSDS0/SX177
TRAIN/DR5/FBJL0/SI1552
TRAIN/DR6/FHXS0/SX445
TRAIN/DR7/MRMG0/SA2
TRAIN/DR4/MJEE0/SI1237
TRAIN/DR7/MFXV0/SI1342
TRAIN/DR3/MCEF0/SX415
TRAIN/DR8/MBSB0/SI1353
TRAIN/DR7/MDLC1/SI2144
TRAIN/DR7/MTMN0/SA2
TRAIN/DR6/MDRD0/SI1382
TRAIN/DR8/MMWS0/SX168
TRAIN/DR4/MLJC0/SA1
TRAIN/DR4/MCSS0/SX210
TRAIN/DR7/MGAW0/SX445
TRAIN/DR7/MFXS0/SX54
TRAIN/DR5/MJPG0/SA2
TRAIN/DR8/MKDD0/SX37
TRAIN/DR5/FBMH0/SX326
TRAIN/DR2/FAJW0/SI633
TRAIN/DR3/MREH1/SI1599
TRAIN/DR2/MDLC2/SX354
TRAIN/DR1/FVMH0/SX116
TRAIN/DR3/FSLS0/SX202
TRAIN/DR7/FBLV0/SX248
TRAIN/DR1/MRDD0/SX277
TRAIN/DR5/MCLM0/SX286
TRAIN/DR3/FPAZ0/SI963
TRAIN/DR7/MDLC1/SX445
TRAIN/DR5/FKKH0/SA1
TRAIN/DR5/FSKP0/SX18
TRAIN/DR6/MKLN0/SX68
TRAIN/DR1/FVFB0/SX222
TRAIN/DR5/FBMH0/SI970
TRAIN/DR4/MRAB1/SI1478
TRAIN/DR3/MJDA0/SI1031
TRAIN/DR7/FJHK0/SX32
TRAIN/DR4/MSMC0/SI509
TRAIN/DR3/MDEF0/SX123
TRAIN/DR1/FECD0/SX158
TRAIN/DR2/MTBC0/SX93
TRAIN/DR7/MFXV0/SA1
TRAIN/DR1/MTRR0/SI918
TRAIN/DR2/FKAA0/SI1838
TRAIN/DR4/FEEH0/SI1112
TRAIN/DR8/FMBG0/SA2
TRAIN/DR6/MKLN0/SX248
TRAIN/DR6/MKES0/SI1253
TRAIN/DR2/MMAG0/SX226
TRAIN/DR4/FSAK0/SI1930
TRAIN/DR6/MKES0/SX83
TRAIN/DR5/FKKH0/SA2
TRAIN/DR4/MKAM0/SI1316
TRAIN/DR4/MLBC0/SI1869
TRAIN/DR5/MDHL0/SX359
